{
    "tests/resources/test_open2.cbz": {
        "": {
            "file": "zip",
            "stream": "zip"
        },
        ".cbz": {
            "file": "zip",
            "stream": "zip"
        },
        ".doc": {
            "file": "zip",
            "stream": "zip"
        },
        ".docx": {
            "file": "zip",
            "stream": "zip"
        },
        ".epub": {
            "file": "zip",
            "stream": "zip"
        },
        ".fb2": {
            "file": "zip",
            "stream": "zip"
        },
        ".html": {
            "file": "zip",
            "stream": "zip"
        },
        ".jpg": {
            "file": "zip",
            "stream": "zip"
        },
        ".mobi": {
            "file": "zip",
            "stream": "zip"
        },
        ".pdf": {
            "file": "zip",
            "stream": "zip"
        },
        ".svg": {
            "file": "zip",
            "stream": "zip"
        },
        ".txt": {
            "file": "zip",
            "stream": "zip"
        },
        ".xhtml": {
            "file": "zip",
            "stream": "zip"
        },
        ".xml": {
            "file": "zip",
            "stream": "zip"
        },
        ".xps": {
            "file": "zip",
            "stream": "zip"
        }
    },
    "tests/resources/test_open2.doc": {
        "": {
            "file": "[error]",
            "stream": "[error]"
        },
        ".cbz": {
            "file": "cfb",
            "stream": "cfb"
        },
        ".doc": {
            "file": "[error]",
            "stream": "[error]"
        },
        ".docx": {
            "file": "[error]",
            "stream": "[error]"
        },
        ".epub": {
            "file": "[error]",
            "stream": "[error]"
        },
        ".fb2": {
            "file": "FictionBook2",
            "stream": "FictionBook2"
        },
        ".html": {
            "file": "HTML5",
            "stream": "HTML5"
        },
        ".jpg": {
            "file": "Image",
            "stream": "Image"
        },
        ".mobi": {
            "file": "[error]",
            "stream": "[error]"
        },
        ".pdf": {
            "file": "[error]",
            "stream": "[error]"
        },
        ".svg": {
            "file": "SVG",
            "stream": "SVG"
        },
        ".txt": {
            "file": "Text",
            "stream": "Text"
        },
        ".xhtml": {
            "file": "XHTML",
            "stream": "XHTML"
        },
        ".xml": {
            "file": "FictionBook2",
            "stream": "FictionBook2"
        },
        ".xps": {
            "file": "[error]",
            "stream": "[error]"
        }
    },
    "tests/resources/test_open2.docx": {
        "": {
            "file": "Office document",
            "stream": "Office document"
        },
        ".cbz": {
            "file": "Office document",
            "stream": "Office document"
        },
        ".doc": {
            "file": "Office document",
            "stream": "Office document"
        },
        ".docx": {
            "file": "Office document",
            "stream": "Office document"
        },
        ".epub": {
            "file": "Office document",
            "stream": "Office document"
        },
        ".fb2": {
            "file": "Office document",
            "stream": "Office document"
        },
        ".html": {
            "file": "Office document",
            "stream": "Office document"
        },
        ".jpg": {
            "file": "Office document",
            "stream": "Office document"
        },
        ".mobi": {
            "file": "Office document",
            "stream": "Office document"
        },
        ".pdf": {
            "file": "Office document",
            "stream": "Office document"
        },
        ".svg": {
            "file": "Office document",
            "stream": "Office document"
        },
        ".txt": {
            "file": "Office document",
            "stream": "Office document"
        },
        ".xhtml": {
            "file": "Office document",
            "stream": "Office document"
        },
        ".xml": {
            "file": "Office document",
            "stream": "Office document"
        },
        ".xps": {
            "file": "Office document",
            "stream": "Office document"
        }
    },
    "tests/resources/test_open2.epub": {
        "": {
            "file": "EPUB",
            "stream": "EPUB"
        },
        ".cbz": {
            "file": "zip",
            "stream": "zip"
        },
        ".doc": {
            "file": "EPUB",
            "stream": "EPUB"
        },
        ".docx": {
            "file": "EPUB",
            "stream": "EPUB"
        },
        ".epub": {
            "file": "EPUB",
            "stream": "EPUB"
        },
        ".fb2": {
            "file": "EPUB",
            "stream": "EPUB"
        },
        ".html": {
            "file": "EPUB",
            "stream": "EPUB"
        },
        ".jpg": {
            "file": "EPUB",
            "stream": "EPUB"
        },
        ".mobi": {
            "file": "EPUB",
            "stream": "EPUB"
        },
        ".pdf": {
            "file": "EPUB",
            "stream": "EPUB"
        },
        ".svg": {
            "file": "EPUB",
            "stream": "EPUB"
        },
        ".txt": {
            "file": "EPUB",
            "stream": "EPUB"
        },
        ".xhtml": {
            "file": "EPUB",
            "stream": "EPUB"
        },
        ".xml": {
            "file": "EPUB",
            "stream": "EPUB"
        },
        ".xps": {
            "file": "EPUB",
            "stream": "EPUB"
        }
    },
    "tests/resources/test_open2.fb2": {
        "": {
            "file": "FictionBook2",
            "stream": "FictionBook2"
        },
        ".cbz": {
            "file": "FictionBook2",
            "stream": "FictionBook2"
        },
        ".doc": {
            "file": "FictionBook2",
            "stream": "FictionBook2"
        },
        ".docx": {
            "file": "FictionBook2",
            "stream": "FictionBook2"
        },
        ".epub": {
            "file": "FictionBook2",
            "stream": "FictionBook2"
        },
        ".fb2": {
            "file": "FictionBook2",
            "stream": "FictionBook2"
        },
        ".html": {
            "file": "FictionBook2",
            "stream": "FictionBook2"
        },
        ".jpg": {
            "file": "FictionBook2",
            "stream": "FictionBook2"
        },
        ".mobi": {
            "file": "FictionBook2",
            "stream": "FictionBook2"
        },
        ".pdf": {
            "file": "FictionBook2",
            "stream": "FictionBook2"
        },
        ".svg": {
            "file": "FictionBook2",
            "stream": "FictionBook2"
        },
        ".txt": {
            "file": "FictionBook2",
            "stream": "FictionBook2"
        },
        ".xhtml": {
            "file": "FictionBook2",
            "stream": "FictionBook2"
        },
        ".xml": {
            "file": "FictionBook2",
            "stream": "FictionBook2"
        },
        ".xps": {
            "file": "FictionBook2",
            "stream": "FictionBook2"
        }
    },
    "tests/resources/test_open2.html": {
        "": {
            "file": "HTML5",
            "stream": "HTML5"
        },
        ".cbz": {
            "file": "HTML5",
            "stream": "HTML5"
        },
        ".doc": {
            "file": "HTML5",
            "stream": "HTML5"
        },
        ".docx": {
            "file": "HTML5",
            "stream": "HTML5"
        },
        ".epub": {
            "file": "HTML5",
            "stream": "HTML5"
        },
        ".fb2": {
            "file": "HTML5",
            "stream": "HTML5"
        },
        ".html": {
            "file": "HTML5",
            "stream": "HTML5"
        },
        ".jpg": {
            "file": "HTML5",
            "stream": "HTML5"
        },
        ".mobi": {
            "file": "HTML5",
            "stream": "HTML5"
        },
        ".pdf": {
            "file": "HTML5",
            "stream": "HTML5"
        },
        ".svg": {
            "file": "HTML5",
            "stream": "HTML5"
        },
        ".txt": {
            "file": "HTML5",
            "stream": "HTML5"
        },
        ".xhtml": {
            "file": "XHTML",
            "stream": "XHTML"
        },
        ".xml": {
            "file": "HTML5",
            "stream": "HTML5"
        },
        ".xps": {
            "file": "HTML5",
            "stream": "HTML5"
        }
    },
    "tests/resources/test_open2.jpg": {
        "": {
            "file": "Image",
            "stream": "Image"
        },
        ".cbz": {
            "file": "Image",
            "stream": "Image"
        },
        ".doc": {
            "file": "Image",
            "stream": "Image"
        },
        ".docx": {
            "file": "Image",
            "stream": "Image"
        },
        ".epub": {
            "file": "Image",
            "stream": "Image"
        },
        ".fb2": {
            "file": "Image",
            "stream": "Image"
        },
        ".html": {
            "file": "Image",
            "stream": "Image"
        },
        ".jpg": {
            "file": "Image",
            "stream": "Image"
        },
        ".mobi": {
            "file": "Image",
            "stream": "Image"
        },
        ".pdf": {
            "file": "Image",
            "stream": "Image"
        },
        ".svg": {
            "file": "Image",
            "stream": "Image"
        },
        ".txt": {
            "file": "Image",
            "stream": "Image"
        },
        ".xhtml": {
            "file": "Image",
            "stream": "Image"
        },
        ".xml": {
            "file": "Image",
            "stream": "Image"
        },
        ".xps": {
            "file": "Image",
            "stream": "Image"
        }
    },
    "tests/resources/test_open2.mobi": {
        "": {
            "file": "MOBI",
            "stream": "MOBI"
        },
        ".cbz": {
            "file": "MOBI",
            "stream": "MOBI"
        },
        ".doc": {
            "file": "MOBI",
            "stream": "MOBI"
        },
        ".docx": {
            "file": "MOBI",
            "stream": "MOBI"
        },
        ".epub": {
            "file": "MOBI",
            "stream": "MOBI"
        },
        ".fb2": {
            "file": "MOBI",
            "stream": "MOBI"
        },
        ".html": {
            "file": "MOBI",
            "stream": "MOBI"
        },
        ".jpg": {
            "file": "MOBI",
            "stream": "MOBI"
        },
        ".mobi": {
            "file": "MOBI",
            "stream": "MOBI"
        },
        ".pdf": {
            "file": "MOBI",
            "stream": "MOBI"
        },
        ".svg": {
            "file": "MOBI",
            "stream": "MOBI"
        },
        ".txt": {
            "file": "MOBI",
            "stream": "MOBI"
        },
        ".xhtml": {
            "file": "MOBI",
            "stream": "MOBI"
        },
        ".xml": {
            "file": "MOBI",
            "stream": "MOBI"
        },
        ".xps": {
            "file": "MOBI",
            "stream": "MOBI"
        }
    },
    "tests/resources/test_open2.pdf": {
        "": {
            "file": "PDF 1.5",
            "stream": "PDF 1.5"
        },
        ".cbz": {
            "file": "PDF 1.5",
            "stream": "PDF 1.5"
        },
        ".doc": {
            "file": "PDF 1.5",
            "stream": "PDF 1.5"
        },
        ".docx": {
            "file": "PDF 1.5",
            "stream": "PDF 1.5"
        },
        ".epub": {
            "file": "PDF 1.5",
            "stream": "PDF 1.5"
        },
        ".fb2": {
            "file": "PDF 1.5",
            "stream": "PDF 1.5"
        },
        ".html": {
            "file": "PDF 1.5",
            "stream": "PDF 1.5"
        },
        ".jpg": {
            "file": "PDF 1.5",
            "stream": "PDF 1.5"
        },
        ".mobi": {
            "file": "PDF 1.5",
            "stream": "PDF 1.5"
        },
        ".pdf": {
            "file": "PDF 1.5",
            "stream": "PDF 1.5"
        },
        ".svg": {
            "file": "PDF 1.5",
            "stream": "PDF 1.5"
        },
        ".txt": {
            "file": "PDF 1.5",
            "stream": "PDF 1.5"
        },
        ".xhtml": {
            "file": "PDF 1.5",
            "stream": "PDF 1.5"
        },
        ".xml": {
            "file": "PDF 1.5",
            "stream": "PDF 1.5"
        },
        ".xps": {
            "file": "PDF 1.5",
            "stream": "PDF 1.5"
        }
    },
    "tests/resources/test_open2.svg": {
        "": {
            "file": "SVG",
            "stream": "SVG"
        },
        ".cbz": {
            "file": "SVG",
            "stream": "SVG"
        },
        ".doc": {
            "file": "SVG",
            "stream": "SVG"
        },
        ".docx": {
            "file": "SVG",
            "stream": "SVG"
        },
        ".epub": {
            "file": "SVG",
            "stream": "SVG"
        },
        ".fb2": {
            "file": "SVG",
            "stream": "SVG"
        },
        ".html": {
            "file": "SVG",
            "stream": "SVG"
        },
        ".jpg": {
            "file": "SVG",
            "stream": "SVG"
        },
        ".mobi": {
            "file": "SVG",
            "stream": "SVG"
        },
        ".pdf": {
            "file": "SVG",
            "stream": "SVG"
        },
        ".svg": {
            "file": "SVG",
            "stream": "SVG"
        },
        ".txt": {
            "file": "SVG",
            "stream": "SVG"
        },
        ".xhtml": {
            "file": "SVG",
            "stream": "SVG"
        },
        ".xml": {
            "file": "SVG",
            "stream": "SVG"
        },
        ".xps": {
            "file": "SVG",
            "stream": "SVG"
        }
    },
    "tests/resources/test_open2.xhtml": {
        "": {
            "file": "XHTML",
            "stream": "XHTML"
        },
        ".cbz": {
            "file": "XHTML",
            "stream": "XHTML"
        },
        ".doc": {
            "file": "XHTML",
            "stream": "XHTML"
        },
        ".docx": {
            "file": "XHTML",
            "stream": "XHTML"
        },
        ".epub": {
            "file": "XHTML",
            "stream": "XHTML"
        },
        ".fb2": {
            "file": "XHTML",
            "stream": "XHTML"
        },
        ".html": {
            "file": "HTML5",
            "stream": "HTML5"
        },
        ".jpg": {
            "file": "XHTML",
            "stream": "XHTML"
        },
        ".mobi": {
            "file": "XHTML",
            "stream": "XHTML"
        },
        ".pdf": {
            "file": "XHTML",
            "stream": "XHTML"
        },
        ".svg": {
            "file": "XHTML",
            "stream": "XHTML"
        },
        ".txt": {
            "file": "XHTML",
            "stream": "XHTML"
        },
        ".xhtml": {
            "file": "XHTML",
            "stream": "XHTML"
        },
        ".xml": {
            "file": "XHTML",
            "stream": "XHTML"
        },
        ".xps": {
            "file": "XHTML",
            "stream": "XHTML"
        }
    },
    "tests/resources/test_open2.xml": {
        "": {
            "file": "[error]",
            "stream": "[error]"
        },
        ".cbz": {
            "file": "[error]",
            "stream": "[error]"
        },
        ".doc": {
            "file": "[error]",
            "stream": "[error]"
        },
        ".docx": {
            "file": "[error]",
            "stream": "[error]"
        },
        ".epub": {
            "file": "[error]",
            "stream": "[error]"
        },
        ".fb2": {
            "file": "FictionBook2",
            "stream": "FictionBook2"
        },
        ".html": {
            "file": "HTML5",
            "stream": "HTML5"
        },
        ".jpg": {
            "file": "Image",
            "stream": "Image"
        },
        ".mobi": {
            "file": "[error]",
            "stream": "[error]"
        },
        ".pdf": {
            "file": "[error]",
            "stream": "[error]"
        },
        ".svg": {
            "file": "SVG",
            "stream": "SVG"
        },
        ".txt": {
            "file": "Text",
            "stream": "Text"
        },
        ".xhtml": {
            "file": "XHTML",
            "stream": "XHTML"
        },
        ".xml": {
            "file": "FictionBook2",
            "stream": "FictionBook2"
        },
        ".xps": {
            "file": "[error]",
            "stream": "[error]"
        }
    },
    "tests/resources/test_open2.xps": {
        "": {
            "file": "XPS",
            "stream": "XPS"
        },
        ".cbz": {
            "file": "zip",
            "stream": "zip"
        },
        ".doc": {
            "file": "XPS",
            "stream": "XPS"
        },
        ".docx": {
            "file": "XPS",
            "stream": "XPS"
        },
        ".epub": {
            "file": "XPS",
            "stream": "XPS"
        },
        ".fb2": {
            "file": "XPS",
            "stream": "XPS"
        },
        ".html": {
            "file": "XPS",
            "stream": "XPS"
        },
        ".jpg": {
            "file": "XPS",
            "stream": "XPS"
        },
        ".mobi": {
            "file": "XPS",
            "stream": "XPS"
        },
        ".pdf": {
            "file": "XPS",
            "stream": "XPS"
        },
        ".svg": {
            "file": "XPS",
            "stream": "XPS"
        },
        ".txt": {
            "file": "XPS",
            "stream": "XPS"
        },
        ".xhtml": {
            "file": "XPS",
            "stream": "XPS"
        },
        ".xml": {
            "file": "XPS",
            "stream": "XPS"
        },
        ".xps": {
            "file": "XPS",
            "stream": "XPS"
        }
    }
}